body : 54.300000    tail : 12.200000    (salmon) ==>seabass    error
body : 69.700000    tail : 10.400000    (salmon) ==>seabass    error
body : 65.200000    tail : 14.800000    (salmon) ==>seabass    error
body : 81.000000    tail : 19.900000    (salmon) ==>seabass    error
body : 64.100000    tail : 22.900000    (salmon) ==>seabass    error
body : 64.700000    tail : 17.300000    (salmon) ==>seabass    error
body : 79.300000    tail : 7.200000    (salmon) ==>seabass    error
body : 59.800000    tail : 13.000000    (salmon) ==>seabass    error
body : 72.200000    tail : 14.000000    (salmon) ==>seabass    error
body : 76.700000    tail : 6.800000    (salmon) ==>seabass    error
body : 47.500000    tail : 9.200000    (salmon) ==>seabass    error
body : 73.500000    tail : 18.500000    (salmon) ==>seabass    error
body : 67.300000    tail : 14.300000    (salmon) ==>seabass    error
body : 71.100000    tail : 12.000000    (salmon) ==>seabass    error
body : 65.800000    tail : 14.900000    (salmon) ==>seabass    error
body : 57.800000    tail : 6.000000    (salmon) ==>seabass    error
body : 86.300000    tail : 19.900000    (salmon) ==>seabass    error
body : 74.600000    tail : 17.800000    (salmon) ==>seabass    error
body : 83.100000    tail : 12.800000    (salmon) ==>seabass    error
body : 67.000000    tail : 17.500000    (salmon) ==>seabass    error
body : 61.800000    tail : 21.600000    (salmon) ==>seabass    error
body : 75.100000    tail : 11.700000    (salmon) ==>seabass    error
body : 71.900000    tail : 13.000000    (salmon) ==>seabass    error
body : 67.300000    tail : 14.900000    (salmon) ==>seabass    error
body : 76.800000    tail : 18.200000    (salmon) ==>seabass    error
body : 62.400000    tail : 18.600000    (salmon) ==>seabass    error
body : 67.000000    tail : 6.600000    (salmon) ==>seabass    error
body : 74.300000    tail : 7.200000    (salmon) ==>seabass    error
body : 66.300000    tail : 20.200000    (salmon) ==>seabass    error
body : 82.200000    tail : 13.800000    (salmon) ==>seabass    error
body : 65.800000    tail : 14.400000    (salmon) ==>seabass    error
body : 51.600000    tail : 25.300000    (salmon) ==>seabass    error
body : 62.200000    tail : 22.200000    (salmon) ==>seabass    error
body : 68.900000    tail : 21.100000    (salmon) ==>seabass    error
body : 89.200000    tail : 18.700000    (salmon) ==>salmon  (correct)
body : 92.200000    tail : 11.600000    (salmon) ==>salmon  (correct)
body : 77.300000    tail : 10.700000    (salmon) ==>seabass    error
body : 57.900000    tail : 12.600000    (salmon) ==>seabass    error
body : 60.800000    tail : 10.800000    (salmon) ==>seabass    error
body : 74.400000    tail : 12.200000    (salmon) ==>seabass    error
body : 64.300000    tail : 13.100000    (salmon) ==>seabass    error
body : 60.700000    tail : 23.800000    (salmon) ==>seabass    error
body : 82.100000    tail : 21.400000    (salmon) ==>seabass    error
body : 60.300000    tail : 11.800000    (salmon) ==>seabass    error
body : 66.000000    tail : 13.600000    (salmon) ==>seabass    error
body : 62.700000    tail : 11.400000    (salmon) ==>seabass    error
body : 78.400000    tail : 16.300000    (salmon) ==>seabass    error
body : 77.200000    tail : 19.600000    (salmon) ==>seabass    error
body : 59.800000    tail : 7.900000    (salmon) ==>seabass    error
body : 83.000000    tail : 16.300000    (salmon) ==>seabass    error
body : 115.000000    tail : 2.400000    (seabass) ==>salmon    error
body : 89.500000    tail : 6.600000    (seabass) ==>salmon    error
body : 98.600000    tail : 8.800000    (seabass) ==>salmon    error
body : 109.900000    tail : -1.100000    (seabass) ==>salmon    error
body : 83.000000    tail : 6.100000    (seabass) ==>seabass  (correct)
body : 106.600000    tail : 11.700000    (seabass) ==>salmon    error
body : 92.600000    tail : 9.600000    (seabass) ==>salmon    error
body : 97.500000    tail : 6.300000    (seabass) ==>salmon    error
body : 98.300000    tail : 6.400000    (seabass) ==>salmon    error
body : 119.500000    tail : 13.600000    (seabass) ==>salmon    error
body : 92.700000    tail : 10.800000    (seabass) ==>salmon    error
body : 119.100000    tail : 7.500000    (seabass) ==>salmon    error
body : 82.800000    tail : 9.300000    (seabass) ==>seabass  (correct)
body : 109.600000    tail : 2.400000    (seabass) ==>salmon    error
body : 92.300000    tail : 5.100000    (seabass) ==>salmon    error
body : 95.200000    tail : 2.000000    (seabass) ==>salmon    error
body : 79.900000    tail : 18.500000    (seabass) ==>seabass  (correct)
body : 85.700000    tail : 5.000000    (seabass) ==>salmon    error
body : 101.600000    tail : 3.400000    (seabass) ==>salmon    error
body : 101.400000    tail : 12.100000    (seabass) ==>salmon    error
body : 102.000000    tail : 4.800000    (seabass) ==>salmon    error
body : 83.100000    tail : 14.000000    (seabass) ==>seabass  (correct)
body : 95.100000    tail : 12.700000    (seabass) ==>salmon    error
body : 101.600000    tail : 5.800000    (seabass) ==>salmon    error
body : 93.300000    tail : 3.500000    (seabass) ==>salmon    error
body : 92.000000    tail : 3.400000    (seabass) ==>salmon    error
body : 107.300000    tail : 10.500000    (seabass) ==>salmon    error
body : 109.100000    tail : 11.900000    (seabass) ==>salmon    error
body : 88.800000    tail : 4.500000    (seabass) ==>salmon    error
body : 85.700000    tail : 12.900000    (seabass) ==>seabass  (correct)
body : 99.500000    tail : 8.500000    (seabass) ==>salmon    error
body : 106.200000    tail : 3.500000    (seabass) ==>salmon    error
body : 90.800000    tail : 13.200000    (seabass) ==>salmon    error
body : 74.700000    tail : 3.900000    (seabass) ==>seabass  (correct)
body : 108.900000    tail : 7.400000    (seabass) ==>salmon    error
body : 64.600000    tail : 3.900000    (seabass) ==>seabass  (correct)
body : 113.200000    tail : 9.900000    (seabass) ==>salmon    error
body : 95.800000    tail : 5.800000    (seabass) ==>salmon    error
body : 88.300000    tail : 8.400000    (seabass) ==>salmon    error
body : 78.300000    tail : 16.700000    (seabass) ==>seabass  (correct)
body : 100.800000    tail : 7.200000    (seabass) ==>salmon    error
body : 83.000000    tail : 4.100000    (seabass) ==>seabass  (correct)
body : 120.500000    tail : 8.300000    (seabass) ==>salmon    error
body : 115.800000    tail : 1.700000    (seabass) ==>salmon    error
body : 84.700000    tail : 10.200000    (seabass) ==>seabass  (correct)
body : 95.300000    tail : 23.700000    (seabass) ==>salmon    error
body : 90.900000    tail : 11.400000    (seabass) ==>salmon    error
body : 89.600000    tail : 8.500000    (seabass) ==>salmon    error
body : 85.600000    tail : 13.300000    (seabass) ==>seabass  (correct)
body : 92.200000    tail : 9.800000    (seabass) ==>salmon    error
==============test result============error rate = 87.000000%